mode: set
curso-go-intermedio/test/core/user.go:8.38,12.2 3 1
curso-go-intermedio/test/core/user.go:20.54,21.18 1 1
curso-go-intermedio/test/core/user.go:21.18,23.3 1 1
curso-go-intermedio/test/core/user.go:24.2,24.28 1 1
curso-go-intermedio/test/core/user.go:24.28,26.3 1 1
curso-go-intermedio/test/core/user.go:27.2,27.17 1 1
curso-go-intermedio/test/core/user.go:27.17,30.3 1 1
curso-go-intermedio/test/core/user.go:31.2,31.18 1 0
